
> playlist-cutter@0.1.0 test
> react-app-rewired test --watchAll=false

PASS src/PlaylistGeneration/PlaylistGenerator.test.ts
PASS src/PlaylistGeneration/SpotifyClient.test.ts
PASS src/PlaylistGeneration/PlaylistGeneration.test.tsx
PASS src/PlaylistCreationForm/PlaylistListItem.test.tsx
PASS src/PlaylistCreationForm/PlaylistList.test.tsx
PASS src/PlaylistCreationForm/PlaylistCreationForm.test.tsx

Test Suites: 6 passed, 6 total
Tests:       22 passed, 22 total
Snapshots:   0 total
Time:        1.079 s
Ran all test suites.
